
> cvmatch-ai@1.3.0 build
> next build

  ▲ Next.js 14.2.0
  - Environments: .env.local, .env.production

   Creating an optimized production build ...
 ✓ Compiled successfully
   Linting and checking validity of types ...
Failed to compile.

./app/dashboard/profile/page.tsx:163:9
Type error: Cannot find name 'setUploading'.

[0m [90m 161 |[39m         [36mif[39m ([33m![39muserId) [36mreturn[39m[33m;[39m[0m
[0m [90m 162 |[39m[0m
[0m[31m[1m>[22m[39m[90m 163 |[39m         setUploading([36mtrue[39m)[33m;[39m[0m
[0m [90m     |[39m         [31m[1m^[22m[39m[0m
[0m [90m 164 |[39m         [36mtry[39m {[0m
[0m [90m 165 |[39m             [36mconst[39m formData [33m=[39m [36mnew[39m [33mFormData[39m()[33m;[39m[0m
[0m [90m 166 |[39m             formData[33m.[39mappend([32m"file"[39m[33m,[39m file)[33m;[39m[0m
